// Bun Snapshot v1, https://goo.gl/fbAQLP

exports[`should pin external dependency 1`] = `"import {z} from "zod@^3.21.4"; const number = z.number().parse(1);"`;
